[2026-08-08 22:02:21] ============================================================
[2026-08-08 22:02:21] MKV → MP4 CONVERSION
[2026-08-08 22:02:21] ============================================================
[2026-08-08 22:02:21] Source: /home/scott/truenas-media/Movies
[2026-08-08 22:02:21] Files found: 44
[2026-08-08 22:02:21] Mode: LIVE
[2026-08-08 22:02:21] Workers: 2
[2026-08-08 22:02:21] ============================================================
[2026-08-08 22:02:21] 🎬 Converting: Forgetting Sarah Marshall 2008.mkv (hevc, 1920x1040)
[2026-08-08 22:02:22] 🎬 Converting: Mission Impossible The Final Reckoning 2025.mkv (h264, 1920x1040)
[2026-08-08 22:02:22]   ⚠️ Stream copy failed, trying with subtitle conversion...
[2026-08-08 22:02:22]   ⚠️ Stream copy failed, trying with subtitle conversion...
[2026-08-08 22:03:29]   ✅ Done (video+audio only, subtitles dropped): Forgetting Sarah Marshall 2008.mp4 (1268.4 MB)
[2026-08-08 22:03:30] 🎬 Converting: The.Year.Without.a.Santa.Claus.1974.mkv (h264, 982x720)
[2026-08-08 22:05:23]   ✅ Done: The.Year.Without.a.Santa.Claus.1974.mp4 (1951.0 MB)
[2026-08-08 22:05:23] 🎬 Converting: The.Pink.Panther.1963.mkv (h264, 1280x544)
[2026-08-08 22:05:24]   ⚠️ Stream copy failed, trying with subtitle conversion...
[2026-08-08 22:06:06]   ✅ Done (video+audio only, subtitles dropped): The.Pink.Panther.1963.mp4 (603.8 MB)
[2026-08-08 22:06:07] 🎬 Converting: Hacksaw Ridge 2016.mkv (h264, 1912x788)
[2026-08-08 22:07:36] 🎬 Converting: Holiday Inn (1942).mkv (hevc, 976x720)
[2026-08-08 22:07:36]   ⚠️ Stream copy failed, trying with subtitle conversion...
[2026-08-08 22:08:15]   ✅ Done (video+audio only, subtitles dropped): Holiday Inn (1942).mp4 (699.5 MB)
[2026-08-08 22:08:16] 🎬 Converting: Battlestar Galactica (2003) - Razor.mkv (hevc, 1920x1080)
[2026-08-08 22:08:16]   ⚠️ Stream copy failed, trying with subtitle conversion...
[2026-08-08 22:09:36]   ✅ Done: Hacksaw Ridge 2016.mp4 (3926.2 MB)
[2026-08-08 22:09:37] 🎬 Converting: Black.Sunday.1977.mkv (hevc, 1280x546)
[2026-08-08 22:09:37]   ⚠️ Stream copy failed, trying with subtitle conversion...
[2026-08-08 22:10:32]   ✅ Done (video+audio only, subtitles dropped): Black.Sunday.1977.mp4 (1008.4 MB)
[2026-08-08 22:10:32] 🎬 Converting: Inglourious Basterds 2009.mkv (h264, 720x300)
[2026-08-08 22:11:10]   ✅ Done: Inglourious Basterds 2009.mp4 (602.2 MB)
[2026-08-08 22:11:11] 🎬 Converting: Captain.America.Brave.New.World.2025.1080p.TeleSync.X264.Will1869.mkv (h264, 1920x1080)
[2026-08-08 22:11:12]   ⚠️ Stream copy failed, trying with subtitle conversion...
[2026-08-08 22:12:36]   ✅ Done (video+audio only, subtitles dropped): Battlestar Galactica (2003) - Razor.mp4 (2952.8 MB)
[2026-08-08 22:12:36] 🎬 Converting: Die.Hard.1988.mkv (hevc, 3840x1606)
[2026-08-08 22:12:37]   ⚠️ Stream copy failed, trying with subtitle conversion...
[2026-08-08 22:15:21]   ✅ Done (video+audio only, subtitles dropped): Captain.America.Brave.New.World.2025.1080p.TeleSync.X264.Will1869.mp4 (5180.3 MB)
[2026-08-08 22:15:22] 🎬 Converting: Schindler’s List (1993).mkv (h264, 1920x1040)
[2026-08-08 22:15:23]   ⚠️ Stream copy failed, trying with subtitle conversion...
[2026-08-08 22:17:43] 🎬 Converting: Stalag 17 1953.mkv (h264, 854x640)
[2026-08-08 22:17:44]   ⚠️ Stream copy failed, trying with subtitle conversion...
[2026-08-08 22:18:56]   ✅ Done (video+audio only, subtitles dropped): Stalag 17 1953.mp4 (1174.6 MB)
[2026-08-08 22:18:57] 🎬 Converting: Mission.Impossible.II.2000..mkv (hevc, 1920x816)
[2026-08-08 22:18:59]   ⚠️ Stream copy failed, trying with subtitle conversion...
[2026-08-08 22:20:39] 🎬 Converting: F1 The Movie 2025.mkv (h264, 720x292)
[2026-08-08 22:21:49]   ✅ Done: F1 The Movie 2025.mp4 (1067.1 MB)
[2026-08-08 22:21:50] 🎬 Converting: Monty Python and the Holy Grail 1975.mkv (h264, 1800x1080)
[2026-08-08 22:21:51]   ⚠️ Stream copy failed, trying with subtitle conversion...
[2026-08-08 22:23:08]   ✅ Done (video+audio only, subtitles dropped): Mission.Impossible.II.2000..mp4 (4070.2 MB)
[2026-08-08 22:23:09] 🎬 Converting: Battlestar Galactica (2003) - The Miniseries (2).mkv (hevc, 1920x1080)
[2026-08-08 22:23:09]   ⚠️ Stream copy failed, trying with subtitle conversion...
[2026-08-08 22:26:57] 🎬 Converting: Battlestar Galactica (2003)  - The Plan.mkv (hevc, 1920x1080)
[2026-08-08 22:26:57]   ⚠️ Stream copy failed, trying with subtitle conversion...
[2026-08-08 22:27:06]   ✅ Done (video+audio only, subtitles dropped): Battlestar Galactica (2003) - The Miniseries (2).mp4 (3352.9 MB)
[2026-08-08 22:27:06] 🎬 Converting: Mission.Impossible.III.2006..mkv (hevc, 1920x800)
[2026-08-08 22:27:07]   ⚠️ Stream copy failed, trying with subtitle conversion...
[2026-08-08 22:31:27]   ✅ Done (video+audio only, subtitles dropped): Mission.Impossible.III.2006..mp4 (3684.2 MB)
[2026-08-08 22:31:27] 🎬 Converting: The Big Red One 1980.mkv (h264, 1920x1080)
[2026-08-08 22:31:28]   ⚠️ Stream copy failed, trying with subtitle conversion...
[2026-08-08 22:32:02] 🎬 Converting: Beetlejuice 1988 Remastered 1080p BluRay HEVC x265 5.1 BONE.mkv (hevc, 1920x1038)
[2026-08-08 22:32:05]   ⚠️ Stream copy failed, trying with subtitle conversion...
[2026-08-08 22:33:53]   ✅ Done (video+audio only, subtitles dropped): Beetlejuice 1988 Remastered 1080p BluRay HEVC x265 5.1 BONE.mp4 (1560.9 MB)
[2026-08-08 22:33:53] 🎬 Converting: Mission.Impossible.1996..mkv (hevc, 1920x1080)
[2026-08-08 22:33:53]   ⚠️ Stream copy failed, trying with subtitle conversion...
[2026-08-08 22:35:37]   ✅ Done (video+audio only, subtitles dropped): The Big Red One 1980.mp4 (4827.8 MB)
[2026-08-08 22:35:37] 🎬 Converting: Mission.Impossible.Rogue.Nation.2015.mkv (h264, 1920x804)
[2026-08-08 22:35:38]   ⚠️ Stream copy failed, trying with subtitle conversion...
[2026-08-08 22:38:06]   ✅ Done (video+audio only, subtitles dropped): Mission.Impossible.1996..mp4 (3550.8 MB)
[2026-08-08 22:38:06] 🎬 Converting: Wallace.And.Gromit.The.Curse.Of.The.Were-Rabbit.2005.DVDRip + C.mkv (h264, 854x462)
[2026-08-08 22:39:19]   ✅ Done: Wallace.And.Gromit.The.Curse.Of.The.Were-Rabbit.2005.DVDRip + C.mp4 (803.5 MB)
[2026-08-08 22:39:20] 🎬 Converting: Coco.2017.1080p.10bit.BluRay.8CH.x265.HEVC-PSA.mkv (hevc, 1920x808)
[2026-08-08 22:39:20]   ⚠️ Stream copy failed, trying with subtitle conversion...
[2026-08-08 22:39:37]   ✅ Done (video+audio only, subtitles dropped): Mission.Impossible.Rogue.Nation.2015.mp4 (3399.6 MB)
[2026-08-08 22:39:37] 🎬 Converting: Coco.2017.1080p.10bit.BluRay.8CH.sample.mkv (hevc, 1920x808)
[2026-08-08 22:39:37]   ⚠️ Stream copy failed, trying with subtitle conversion...
[2026-08-08 22:39:43]   ✅ Done (video+audio only, subtitles dropped): Coco.2017.1080p.10bit.BluRay.8CH.sample.mp4 (21.0 MB)
[2026-08-08 22:39:43] 🎬 Converting: Wallace.And.Gromit.Interactive.DVD.Game.Trailer.mkv (h264, 640x480)
[2026-08-08 22:39:45]   ✅ Done: Wallace.And.Gromit.Interactive.DVD.Game.Trailer.mp4 (5.4 MB)
[2026-08-08 22:39:45] 🎬 Converting: Chicken.Run.Trailer.mkv (h264, 702x404)
[2026-08-08 22:39:48]   ✅ Done: Chicken.Run.Trailer.mp4 (17.9 MB)
[2026-08-08 22:39:48] 🎬 Converting: A.Day.In.The.Life.At.Aardman.mkv (h264, 698x404)
[2026-08-08 22:40:02]   ✅ Done: A.Day.In.The.Life.At.Aardman.mp4 (78.9 MB)
[2026-08-08 22:40:03] 🎬 Converting: How.To.Build.A.Bunny.mkv (h264, 714x402)
[2026-08-08 22:40:17]   ✅ Done: How.To.Build.A.Bunny.mp4 (22.7 MB)
[2026-08-08 22:40:18] 🎬 Converting: The.History.Of.Wallace.&.Gromit.mkv (h264, 640x478)
[2026-08-08 22:40:25]   ✅ Done (video+audio only, subtitles dropped): Coco.2017.1080p.10bit.BluRay.8CH.x265.HEVC-PSA.mp4 (1830.2 MB)
[2026-08-08 22:40:25] 🎬 Converting: Behind.The.Scenes.Of.The.Curse.Of.The.Were-Rabbit.mkv (h264, 636x480)
[2026-08-08 22:40:28]   ✅ Done: The.History.Of.Wallace.&.Gromit.mp4 (129.1 MB)
[2026-08-08 22:40:28] 🎬 Converting: TCOTWR.Sample.mkv (h264, 854x462)
[2026-08-08 22:40:30]   ✅ Done: TCOTWR.Sample.mp4 (9.2 MB)
[2026-08-08 22:40:30] 🎬 Converting: Seq.205.Deleted.Launch.Scene + C.mkv (h264, 720x404)
[2026-08-08 22:40:31]   ✅ Done: Behind.The.Scenes.Of.The.Curse.Of.The.Were-Rabbit.mp4 (66.7 MB)
[2026-08-08 22:40:31] 🎬 Converting: Seq.360.Alternate.Ending.West.Wallaby.Street + C.mkv (h264, 698x392)
[2026-08-08 22:40:31]   ✅ Done: Seq.205.Deleted.Launch.Scene + C.mp4 (5.3 MB)
[2026-08-08 22:40:32] 🎬 Converting: The.Anti-Pesto.Song.Reprise + C.mkv (h264, 720x418)
[2026-08-08 22:40:32]   ✅ Done: Seq.360.Alternate.Ending.West.Wallaby.Street + C.mp4 (14.6 MB)
[2026-08-08 22:40:32]   ✅ Done: The.Anti-Pesto.Song.Reprise + C.mp4 (4.6 MB)
[2026-08-08 22:40:32] 🎬 Converting: Seq.360.Alternate.Ending.The.Wedding + C.mkv (h264, 720x406)
[2026-08-08 22:40:33] 🎬 Converting: Seq.235.CG.Altered.Rabbit.Ears + C.mkv (h264, 720x404)
[2026-08-08 22:40:33]   ✅ Done: Seq.360.Alternate.Ending.The.Wedding + C.mp4 (9.2 MB)
[2026-08-08 22:40:33] 🎬 Converting: Seq.45.Deleted.Shot.mkv (h264, 720x404)
[2026-08-08 22:40:34]   ✅ Done: Seq.235.CG.Altered.Rabbit.Ears + C.mp4 (10.9 MB)
[2026-08-08 22:40:34] 🎬 Converting: Seq.45.Deleted.Mind-O-Matic.Scene + C.mkv (h264, 720x404)
[2026-08-08 22:40:34]   ✅ Done: Seq.45.Deleted.Shot.mp4 (12.9 MB)
[2026-08-08 22:40:34]   ✅ Done: Seq.45.Deleted.Mind-O-Matic.Scene + C.mp4 (3.6 MB)
[2026-08-08 22:40:35] 🎬 Converting: The.Anti-Pesto.Song + C.mkv (h264, 720x420)
[2026-08-08 22:40:35] 🎬 Converting: Seq.10.Alternative.Opening.And.Deleted.PC.Mac.Scene + C.mkv (h264, 720x404)
[2026-08-08 22:40:35]   ✅ Done: The.Anti-Pesto.Song + C.mp4 (9.2 MB)
[2026-08-08 22:40:36]   ✅ Done: Seq.10.Alternative.Opening.And.Deleted.PC.Mac.Scene + C.mp4 (10.2 MB)
[2026-08-08 22:40:36] 
============================================================
[2026-08-08 22:40:36] SUMMARY
[2026-08-08 22:40:36] ============================================================
[2026-08-08 22:40:36] ✅ Success: 37
[2026-08-08 22:40:36] ❌ Failed: 5
[2026-08-08 22:40:36] ⏭️  Skipped: 2
[2026-08-08 22:40:36] 📝 Dry-run: 0
[2026-08-08 22:40:36] 📄 Log: /home/scott/mkv_conversion.log
[2026-08-08 22:40:36] 
Failed files:
[2026-08-08 22:40:36]   - Mission Impossible The Final Reckoning 2025.mkv: Command '['/usr/bin/ffmpeg', '-y', '-i', '/home/scott/truenas-media/Movies/Mission Impossible The Final Reckoning 2025.mkv', '-c:v', 'copy', '-c:a', 'copy', '-sn', '-map', '0:v', '-map', '0:a', '-movflags', '+faststart', '/home/scott/truenas-media/Movies/Mission Impossible The Final Reckoning 2025.mp4']' timed out after 300 seconds
[2026-08-08 22:40:36]   - Die.Hard.1988.mkv: Command '['/usr/bin/ffmpeg', '-y', '-i', '/home/scott/truenas-media/Movies/Die.Hard.1988.mkv', '-c:v', 'copy', '-c:a', 'copy', '-sn', '-map', '0:v', '-map', '0:a', '-movflags', '+faststart', '/home/scott/truenas-media/Movies/Die.Hard.1988.mp4']' timed out after 300 seconds
[2026-08-08 22:40:36]   - Schindler’s List (1993).mkv: Command '['/usr/bin/ffmpeg', '-y', '-i', '/home/scott/truenas-media/Movies/Schindler’s List (1993).mkv', '-c:v', 'copy', '-c:a', 'copy', '-sn', '-map', '0:v', '-map', '0:a', '-movflags', '+faststart', '/home/scott/truenas-media/Movies/Schindler’s List (1993).mp4']' timed out after 300 seconds
[2026-08-08 22:40:36]   - Monty Python and the Holy Grail 1975.mkv: Command '['/usr/bin/ffmpeg', '-y', '-i', '/home/scott/truenas-media/Movies/Monty Python and the Holy Grail 1975.mkv', '-c:v', 'copy', '-c:a', 'copy', '-sn', '-map', '0:v', '-map', '0:a', '-movflags', '+faststart', '/home/scott/truenas-media/Movies/Monty Python and the Holy Grail 1975.mp4']' timed out after 300 seconds
[2026-08-08 22:40:36]   - Battlestar Galactica (2003)  - The Plan.mkv: Command '['/usr/bin/ffmpeg', '-y', '-i', '/home/scott/truenas-media/Movies/Battlestar Galactica (2003)  - The Plan.mkv', '-c:v', 'copy', '-c:a', 'copy', '-sn', '-map', '0:v', '-map', '0:a', '-movflags', '+faststart', '/home/scott/truenas-media/Movies/Battlestar Galactica (2003)  - The Plan.mp4']' timed out after 300 seconds
